.next/dev/types/validator.ts(510,39): error TS2307: Cannot find module '../../../src/app/(dashboard)/wallet/page.js' or its corresponding type declarations.
